// Vitest Snapshot v1, https://vitest.dev/guide/snapshot.html

exports[`migrateHearthConfig > lifts a 2026.7 preview file to the current format 1`] = `
{
  "day_night": {
    "entity": "sun.sun",
  },
  "keep_screen_on": undefined,
  "mobile_padding_x": undefined,
  "mobile_padding_y": undefined,
  "mobile_scale": undefined,
  "padding_x": undefined,
  "padding_y": undefined,
  "rail": [
    {
      "city": "Wroclaw",
      "hide_mobile": undefined,
      "hour_format": undefined,
      "id": "clock",
      "show_seconds": undefined,
      "timezone": undefined,
      "type": "clock",
      "visibility": undefined,
    },
    {
      "entity": "weather.forecast_home",
      "hide_mobile": undefined,
      "id": "weather",
      "type": "weather",
      "visibility": undefined,
    },
    {
      "hide_mobile": undefined,
      "id": "nav",
      "type": "nav",
      "visibility": undefined,
    },
  ],
  "rooms": [
    {
      "cards": [
        [
          {
            "collapsed": undefined,
            "columns": undefined,
            "entities": [
              {
                "display": "stat",
                "entity": "sensor.pm25",
                "icon": undefined,
                "name": "Home PM2.5",
                "readonly": undefined,
                "slider_updates": undefined,
                "verdict": undefined,
              },
              {
                "display": "stat",
                "entity": "sensor.humidity",
                "icon": undefined,
                "name": "Humidity",
                "readonly": undefined,
                "slider_updates": undefined,
                "verdict": undefined,
              },
              {
                "display": undefined,
                "entity": "fan.purifier",
                "icon": "mode_fan",
                "name": "Purifier",
                "readonly": undefined,
                "slider_updates": undefined,
                "verdict": undefined,
              },
            ],
            "fill": undefined,
            "group_actions": undefined,
            "icon": undefined,
            "id": "air",
            "readonly": undefined,
            "show_count": undefined,
            "slider_updates": undefined,
            "style": undefined,
            "summary": undefined,
            "summary_entity": undefined,
            "title": "Air",
            "tune_button": undefined,
            "type": "entities",
            "vertical_padding": undefined,
            "visibility": undefined,
            "wildcard": undefined,
          },
          {
            "climate_entity": undefined,
            "entity": "sensor.average_temperature",
            "fill": undefined,
            "height": undefined,
            "id": "temp",
            "type": "temperature",
            "verdict": undefined,
            "visibility": undefined,
          },
        ],
      ],
      "columns": undefined,
      "fill_screen": undefined,
      "hide_header": true,
      "humidity_entity": undefined,
      "icon": "home",
      "id": "home",
      "name": "Home",
      "summary": undefined,
      "temp_entity": undefined,
    },
    {
      "cards": [
        [
          {
            "collapsed": undefined,
            "columns": undefined,
            "entities": [
              {
                "display": undefined,
                "entity": "light.desk",
                "icon": undefined,
                "name": "Desk",
                "readonly": undefined,
                "slider_updates": undefined,
                "verdict": undefined,
              },
              {
                "display": undefined,
                "entity": "light.shelf",
                "icon": undefined,
                "name": "Shelf",
                "readonly": undefined,
                "slider_updates": undefined,
                "verdict": undefined,
              },
            ],
            "fill": undefined,
            "group_actions": undefined,
            "icon": undefined,
            "id": "office-lighting",
            "readonly": undefined,
            "show_count": true,
            "slider_updates": undefined,
            "style": undefined,
            "summary": undefined,
            "summary_entity": undefined,
            "title": "Lighting",
            "tune_button": undefined,
            "type": "entities",
            "vertical_padding": undefined,
            "visibility": undefined,
            "wildcard": undefined,
          },
          {
            "collapsed": undefined,
            "columns": undefined,
            "entities": [
              {
                "display": undefined,
                "entity": "light.desk",
                "icon": undefined,
                "name": "Desk",
                "readonly": undefined,
                "slider_updates": undefined,
                "verdict": undefined,
              },
              {
                "display": undefined,
                "entity": "light.shelf",
                "icon": undefined,
                "name": "Shelf",
                "readonly": undefined,
                "slider_updates": undefined,
                "verdict": undefined,
              },
            ],
            "fill": undefined,
            "group_actions": undefined,
            "icon": undefined,
            "id": "office-lights",
            "readonly": undefined,
            "show_count": true,
            "slider_updates": undefined,
            "style": undefined,
            "summary": undefined,
            "summary_entity": undefined,
            "title": "Lights",
            "tune_button": undefined,
            "type": "entities",
            "vertical_padding": undefined,
            "visibility": undefined,
            "wildcard": undefined,
          },
          {
            "collapsed": undefined,
            "columns": undefined,
            "entities": [
              {
                "display": undefined,
                "entity": "cover.office",
                "icon": undefined,
                "name": "Office blind",
                "readonly": undefined,
                "slider_updates": undefined,
                "verdict": undefined,
              },
            ],
            "fill": undefined,
            "group_actions": undefined,
            "icon": undefined,
            "id": "office-blinds",
            "readonly": undefined,
            "show_count": undefined,
            "slider_updates": undefined,
            "style": undefined,
            "summary": undefined,
            "summary_entity": undefined,
            "title": "Shades",
            "tune_button": undefined,
            "type": "entities",
            "vertical_padding": undefined,
            "visibility": undefined,
            "wildcard": undefined,
          },
        ],
        [
          {
            "collapsed": undefined,
            "columns": undefined,
            "entities": [
              {
                "display": undefined,
                "entity": "cover.office",
                "icon": undefined,
                "name": "Office blind",
                "readonly": undefined,
                "slider_updates": undefined,
                "verdict": undefined,
              },
              {
                "display": undefined,
                "entity": "switch.fan",
                "icon": undefined,
                "name": "Fan",
                "readonly": undefined,
                "slider_updates": undefined,
                "verdict": undefined,
              },
              {
                "display": undefined,
                "entity": "sensor.co2",
                "icon": undefined,
                "name": undefined,
                "readonly": true,
                "slider_updates": undefined,
                "verdict": undefined,
              },
            ],
            "fill": undefined,
            "group_actions": undefined,
            "icon": undefined,
            "id": "office-devices",
            "readonly": undefined,
            "show_count": undefined,
            "slider_updates": undefined,
            "style": undefined,
            "summary": undefined,
            "summary_entity": undefined,
            "title": "Devices",
            "tune_button": undefined,
            "type": "entities",
            "vertical_padding": undefined,
            "visibility": undefined,
            "wildcard": undefined,
          },
        ],
      ],
      "columns": 2,
      "fill_screen": undefined,
      "hide_header": undefined,
      "humidity_entity": undefined,
      "icon": "desk",
      "id": "office",
      "name": "Office",
      "summary": undefined,
      "temp_entity": undefined,
    },
  ],
  "scale": undefined,
  "screensaver_brightness": undefined,
  "screensaver_drift": undefined,
  "screensaver_minutes": undefined,
  "theme": undefined,
  "theme_night": undefined,
}
`;
